
> simycexamprep@0.0.0 build
> vite build

[36mvite v8.0.3 [32mbuilding client environment for production...[36m[39m
[2K
transforming...Γ£ô 15 modules transformed.
node.exe : [31mΓ£ù[39m Build failed in 2.19s
At line:1 char:1
+ & "C:\Program Files\nodejs/node.exe" "C:\Program Files\nodejs/node_mo ...
+ ~~~~~~~~~~~~~~~~~~~~~~~~~~~~~~~~~~~~~~~~~~~~~~~~~~~~~~~~~~~~~~~~~~~~~
    + CategoryInfo          : NotSpecified: ([31mΓ£ù[39m Build failed in 2.19s:String) [], RemoteException
    + FullyQualifiedErrorId : NativeCommandError
 
[31merror during build:
[31mBuild failed with 1 error:

[31m[builtin:vite-transform] Error:[0m Expected a semicolon or an implicit semicolon after a statement, but found 
none
 -  in src/App.jsx at 84960..84960
 [38;5;240m Γöé[0m 
 [38;5;240m Γöé[0m [38;5;115mHelp[0m: Try inserting a semicolon here
[31m
    at aggregateBindingErrorsIntoJsError 
(file:///C:/Users/simeon/Desktop/SimycExamPrep/node_modules/rolldown/dist/shared/error-BLhcSyeg.mjs:48:18)
    at unwrapBindingResult 
(file:///C:/Users/simeon/Desktop/SimycExamPrep/node_modules/rolldown/dist/shared/error-BLhcSyeg.mjs:18:128)
    at #build 
(file:///C:/Users/simeon/Desktop/SimycExamPrep/node_modules/rolldown/dist/shared/rolldown-build-CPrIX9V6.mjs:3313:34)
    at async buildEnvironment 
(file:///C:/Users/simeon/Desktop/SimycExamPrep/node_modules/vite/dist/node/chunks/node.js:32849:64)
    at async Object.build 
(file:///C:/Users/simeon/Desktop/SimycExamPrep/node_modules/vite/dist/node/chunks/node.js:33271:19)
    at async Object.buildApp 
(file:///C:/Users/simeon/Desktop/SimycExamPrep/node_modules/vite/dist/node/chunks/node.js:33268:153)
    at async CAC.<anonymous> (file:///C:/Users/simeon/Desktop/SimycExamPrep/node_modules/vite/dist/node/cli.js:778:3) {
  errors: [Getter/Setter]
}[39m
